python : 2026-05-27 12:23:46,859 - ML.rag.retrieval.rag_pipeline - INFO - MLModelPredictor 
initialized
At line:1 char:1
+ python ML/rag/retrieval/test_pipeline.py 2>&1 > test_output.txt; Get- ...
+ ~~~~~~~~~~~~~~~~~~~~~~~~~~~~~~~~~~~~~~~~~~~~~~~~~~~~~~~~~~~~~~~
    + CategoryInfo          : NotSpecified: (2026-05-27 12:2...tor initialized:String) [], Rem 
   oteException
    + FullyQualifiedErrorId : NativeCommandError
 
2026-05-27 12:23:46,859 - ML.rag.retrieval.rag_pipeline - INFO - RAGPipeline initialized
2026-05-27 12:23:46,859 - ML.rag.retrieval.rag_pipeline - INFO - Initializing RAG pipeline 
components...
2026-05-27 12:23:46,859 - ML.rag.retrieval.rag_pipeline - INFO - Loading retriever...
2026-05-27 12:23:46,859 - ML.rag.retrieval.retriever - INFO - DocumentRetriever initialized 
with model: all-MiniLM-L6-v2
2026-05-27 12:23:46,859 - ML.rag.retrieval.retriever - INFO - Initializing DocumentRetriever
2026-05-27 12:23:46,859 - ML.rag.retrieval.retriever - INFO - Loading model: all-MiniLM-L6-v2
2026-05-27 12:23:46,861 - sentence_transformers.base.model - INFO - No device provided, using 
cpu
2026-05-27 12:23:47,667 - httpx - INFO - HTTP Request: HEAD 
https://huggingface.co/sentence-transformers/all-MiniLM-L6-v2/resolve/main/modules.json 
"HTTP/1.1 307 Temporary Redirect"
Warning: You are sending unauthenticated requests to the HF Hub. Please set a HF_TOKEN to 
enable higher rate limits and faster downloads.
2026-05-27 12:23:47,667 - huggingface_hub.utils._http - WARNING - Warning: You are sending 
unauthenticated requests to the HF Hub. Please set a HF_TOKEN to enable higher rate limits and 
faster downloads.
2026-05-27 12:23:48,023 - httpx - INFO - HTTP Request: HEAD https://huggingface.co/api/resolve-
cache/models/sentence-transformers/all-MiniLM-L6-v2/c9745ed1d9f207416be6d2e6f8de32d1f16199bf/mo
dules.json "HTTP/1.1 200 OK"
2026-05-27 12:23:48,376 - httpx - INFO - HTTP Request: HEAD https://huggingface.co/sentence-tra
nsformers/all-MiniLM-L6-v2/resolve/main/config_sentence_transformers.json "HTTP/1.1 307 
Temporary Redirect"
2026-05-27 12:23:48,495 - httpx - INFO - HTTP Request: HEAD https://huggingface.co/api/resolve-
cache/models/sentence-transformers/all-MiniLM-L6-v2/c9745ed1d9f207416be6d2e6f8de32d1f16199bf/co
nfig_sentence_transformers.json "HTTP/1.1 200 OK"
2026-05-27 12:23:48,497 - sentence_transformers.base.model - INFO - Loading 
SentenceTransformer model from sentence-transformers/all-MiniLM-L6-v2.
2026-05-27 12:23:48,779 - httpx - INFO - HTTP Request: HEAD https://huggingface.co/sentence-tra
nsformers/all-MiniLM-L6-v2/resolve/main/config_sentence_transformers.json "HTTP/1.1 307 
Temporary Redirect"
2026-05-27 12:23:48,932 - httpx - INFO - HTTP Request: HEAD https://huggingface.co/api/resolve-
cache/models/sentence-transformers/all-MiniLM-L6-v2/c9745ed1d9f207416be6d2e6f8de32d1f16199bf/co
nfig_sentence_transformers.json "HTTP/1.1 200 OK"
2026-05-27 12:23:49,441 - httpx - INFO - HTTP Request: HEAD 
https://huggingface.co/sentence-transformers/all-MiniLM-L6-v2/resolve/main/README.md "HTTP/1.1 
307 Temporary Redirect"
2026-05-27 12:23:49,662 - httpx - INFO - HTTP Request: HEAD https://huggingface.co/api/resolve-
cache/models/sentence-transformers/all-MiniLM-L6-v2/c9745ed1d9f207416be6d2e6f8de32d1f16199bf/RE
ADME.md "HTTP/1.1 200 OK"
2026-05-27 12:23:49,946 - httpx - INFO - HTTP Request: HEAD 
https://huggingface.co/sentence-transformers/all-MiniLM-L6-v2/resolve/main/modules.json 
"HTTP/1.1 307 Temporary Redirect"
2026-05-27 12:23:50,002 - httpx - INFO - HTTP Request: HEAD https://huggingface.co/api/resolve-
cache/models/sentence-transformers/all-MiniLM-L6-v2/c9745ed1d9f207416be6d2e6f8de32d1f16199bf/mo
dules.json "HTTP/1.1 200 OK"
2026-05-27 12:23:50,281 - httpx - INFO - HTTP Request: HEAD https://huggingface.co/sentence-tra
nsformers/all-MiniLM-L6-v2/resolve/main/sentence_bert_config.json "HTTP/1.1 307 Temporary 
Redirect"
2026-05-27 12:23:50,525 - httpx - INFO - HTTP Request: HEAD https://huggingface.co/api/resolve-
cache/models/sentence-transformers/all-MiniLM-L6-v2/c9745ed1d9f207416be6d2e6f8de32d1f16199bf/se
ntence_bert_config.json "HTTP/1.1 200 OK"
2026-05-27 12:23:50,899 - httpx - INFO - HTTP Request: HEAD 
https://huggingface.co/sentence-transformers/all-MiniLM-L6-v2/resolve/main/adapter_config.json 
"HTTP/1.1 404 Not Found"
2026-05-27 12:23:51,163 - httpx - INFO - HTTP Request: HEAD 
https://huggingface.co/sentence-transformers/all-MiniLM-L6-v2/resolve/main/config.json 
"HTTP/1.1 307 Temporary Redirect"
2026-05-27 12:23:51,335 - httpx - INFO - HTTP Request: HEAD https://huggingface.co/api/resolve-
cache/models/sentence-transformers/all-MiniLM-L6-v2/c9745ed1d9f207416be6d2e6f8de32d1f16199bf/co
nfig.json "HTTP/1.1 200 OK"
Warning: Some packages not installed: No module named 'google.generativeai'

====================================================================================================
COMPLETE RAG + ML PIPELINE TEST
====================================================================================================

[TEST 1] Initializing RAG Pipeline...

Loading weights:   0%|          | 0/103 [00:00<?, ?it/s]
Loading weights: 100%|##########| 103/103 [00:00<00:00, 9668.19it/s]
[1mBertModel LOAD REPORT[0m from: sentence-transformers/all-MiniLM-L6-v2
Key                     | Status     |  | 
------------------------+------------+--+-
embeddings.position_ids | UNEXPECTED |  | 

Notes:
- UNEXPECTED:	can be ignored when loading from different task/architecture; not ok if you 
expect identical arch.
2026-05-27 12:23:51,731 - httpx - INFO - HTTP Request: HEAD https://huggingface.co/sentence-tra
nsformers/all-MiniLM-L6-v2/resolve/main/processor_config.json "HTTP/1.1 404 Not Found"
2026-05-27 12:23:52,090 - httpx - INFO - HTTP Request: HEAD https://huggingface.co/sentence-tra
nsformers/all-MiniLM-L6-v2/resolve/main/preprocessor_config.json "HTTP/1.1 404 Not Found"
2026-05-27 12:23:52,641 - httpx - INFO - HTTP Request: HEAD https://huggingface.co/sentence-tra
nsformers/all-MiniLM-L6-v2/resolve/main/video_preprocessor_config.json "HTTP/1.1 404 Not Found"
2026-05-27 12:23:53,238 - httpx - INFO - HTTP Request: HEAD https://huggingface.co/sentence-tra
nsformers/all-MiniLM-L6-v2/resolve/main/preprocessor_config.json "HTTP/1.1 404 Not Found"
2026-05-27 12:23:53,500 - httpx - INFO - HTTP Request: HEAD https://huggingface.co/sentence-tra
nsformers/all-MiniLM-L6-v2/resolve/main/tokenizer_config.json "HTTP/1.1 307 Temporary Redirect"
2026-05-27 12:23:53,545 - httpx - INFO - HTTP Request: HEAD https://huggingface.co/api/resolve-
cache/models/sentence-transformers/all-MiniLM-L6-v2/c9745ed1d9f207416be6d2e6f8de32d1f16199bf/to
kenizer_config.json "HTTP/1.1 200 OK"
2026-05-27 12:23:53,840 - httpx - INFO - HTTP Request: HEAD 
https://huggingface.co/sentence-transformers/all-MiniLM-L6-v2/resolve/main/config.json 
"HTTP/1.1 307 Temporary Redirect"
2026-05-27 12:23:54,042 - httpx - INFO - HTTP Request: HEAD https://huggingface.co/api/resolve-
cache/models/sentence-transformers/all-MiniLM-L6-v2/c9745ed1d9f207416be6d2e6f8de32d1f16199bf/co
nfig.json "HTTP/1.1 200 OK"
2026-05-27 12:23:54,329 - httpx - INFO - HTTP Request: HEAD 
https://huggingface.co/sentence-transformers/all-MiniLM-L6-v2/resolve/main/config.json 
"HTTP/1.1 307 Temporary Redirect"
2026-05-27 12:23:54,395 - httpx - INFO - HTTP Request: HEAD https://huggingface.co/api/resolve-
cache/models/sentence-transformers/all-MiniLM-L6-v2/c9745ed1d9f207416be6d2e6f8de32d1f16199bf/co
nfig.json "HTTP/1.1 200 OK"
2026-05-27 12:23:54,643 - httpx - INFO - HTTP Request: HEAD https://huggingface.co/sentence-tra
nsformers/all-MiniLM-L6-v2/resolve/main/tokenizer_config.json "HTTP/1.1 307 Temporary Redirect"
2026-05-27 12:23:54,688 - httpx - INFO - HTTP Request: HEAD https://huggingface.co/api/resolve-
cache/models/sentence-transformers/all-MiniLM-L6-v2/c9745ed1d9f207416be6d2e6f8de32d1f16199bf/to
kenizer_config.json "HTTP/1.1 200 OK"
2026-05-27 12:23:55,108 - httpx - INFO - HTTP Request: GET https://huggingface.co/api/models/se
ntence-transformers/all-MiniLM-L6-v2/tree/main/additional_chat_templates?recursive=false&expand
=false "HTTP/1.1 404 Not Found"
2026-05-27 12:23:55,371 - httpx - INFO - HTTP Request: GET https://huggingface.co/api/models/se
ntence-transformers/all-MiniLM-L6-v2/tree/main?recursive=true&expand=false "HTTP/1.1 200 OK"
2026-05-27 12:23:55,685 - httpx - INFO - HTTP Request: HEAD https://huggingface.co/sentence-tra
nsformers/all-MiniLM-L6-v2/resolve/main/1_Pooling/config.json "HTTP/1.1 307 Temporary Redirect"
2026-05-27 12:23:55,725 - httpx - INFO - HTTP Request: HEAD https://huggingface.co/api/resolve-
cache/models/sentence-transformers/all-MiniLM-L6-v2/c9745ed1d9f207416be6d2e6f8de32d1f16199bf/1_
Pooling%2Fconfig.json "HTTP/1.1 200 OK"
2026-05-27 12:23:55,971 - httpx - INFO - HTTP Request: GET 
https://huggingface.co/api/models/sentence-transformers/all-MiniLM-L6-v2 "HTTP/1.1 200 OK"
2026-05-27 12:23:55,984 - ML.rag.retrieval.retriever - INFO - Model loaded successfully
2026-05-27 12:23:55,984 - ML.rag.retrieval.retriever - INFO - Loading FAISS index from: 
D:\MajorProject\financial_advisor\ML\rag\embeddings\financial_knowledge.index
2026-05-27 12:23:55,984 - ML.rag.retrieval.retriever - INFO - Index loaded with 228 vectors
2026-05-27 12:23:55,984 - ML.rag.retrieval.retriever - INFO - Loading metadata from: 
D:\MajorProject\financial_advisor\ML\rag\embeddings\embeddings_metadata.json
2026-05-27 12:23:55,985 - ML.rag.retrieval.retriever - INFO - Loaded metadata for 228 chunks
2026-05-27 12:23:55,985 - ML.rag.retrieval.retriever - INFO - DocumentRetriever initialized 
successfully
2026-05-27 12:23:55,985 - ML.rag.retrieval.rag_pipeline - INFO - Loading ML models...
2026-05-27 12:23:55,985 - ML.rag.retrieval.rag_pipeline - INFO - Loading models from: 
D:\MajorProject\financial_advisor\ML\models
2026-05-27 12:23:56,125 - ML.rag.retrieval.rag_pipeline - INFO - All models loaded successfully
2026-05-27 12:23:56,125 - ML.rag.retrieval.rag_pipeline - INFO - RAG pipeline initialized 
successfully
2026-05-27 12:23:56,125 - ML.rag.retrieval.rag_pipeline - INFO - Step 1: User profile received
C:\Users\khedk\AppData\Roaming\Python\Python313\site-packages\sklearn\utils\validation.py:2691:
 UserWarning: X does not have valid feature names, but RandomForestRegressor was fitted with 
feature names
  warnings.warn(
C:\Users\khedk\AppData\Roaming\Python\Python313\site-packages\sklearn\utils\validation.py:2691:
 UserWarning: X does not have valid feature names, but RandomForestClassifier was fitted with 
feature names
  warnings.warn(
C:\Users\khedk\AppData\Roaming\Python\Python313\site-packages\sklearn\utils\validation.py:2691:
 UserWarning: X does not have valid feature names, but RandomForestClassifier was fitted with 
feature names
  warnings.warn(
C:\Users\khedk\AppData\Roaming\Python\Python313\site-packages\sklearn\utils\validation.py:2691:
 UserWarning: X does not have valid feature names, but RandomForestClassifier was fitted with 
feature names
  warnings.warn(
2026-05-27 12:23:56,144 - ML.rag.retrieval.rag_pipeline - ERROR - Error making predictions: X 
has 9 features, but RandomForestClassifier is expecting 8 features as input.
2026-05-27 12:23:56,144 - ML.rag.retrieval.rag_pipeline - WARNING - ML models returned empty 
predictions
2026-05-27 12:23:56,144 - ML.rag.retrieval.rag_pipeline - INFO - Built 8 retrieval queries
2026-05-27 12:23:56,144 - ML.rag.retrieval.rag_pipeline - INFO - Generated 8 retrieval queries
2026-05-27 12:23:56,144 - ML.rag.retrieval.rag_pipeline - INFO - Retrieving knowledge for 8 
queries...
2026-05-27 12:23:56,144 - ML.rag.retrieval.retriever - INFO - Retrieving top-3 documents for 
query: loan repayment strategies...
[PASSED] Pipeline initialized successfully

[TEST 2] Verifying Retriever Component...
[PASSED] Retriever loaded with 228 vectors

[TEST 3] Verifying ML Models...
[PASSED] All ML models loaded successfully

[TEST 4] Processing Sample User Profile...
Profile: I want to buy a bike using EMI

================================================================================
STEP 1: USER PROFILE RECEIVED
================================================================================
Profile Keys: ['occupation', 'maritalStatus', 'dependents', 'city', 'state', 'monthlyIncome', 'additionalIncome', 'monthlyExpenses', 'currentSavings', 'existingInvestments', 'loanAmount', 'creditCardDebt', 'monthlyEMI', 'goalType', 'goalDuration', 'targetAmount', 'financialGoal', 'riskTolerance', 'investmentExperience', 'financialKnowledge']
Monthly Income: Rs 20,000
Monthly Expenses: Rs 10,000
Financial Goal: I want to buy a bike using EMI
Risk Tolerance: Low
Investment Experience: No experience

================================================================================
STEP 2: RUNNING ML MODELS
================================================================================
Analyzing financial profile...
[OK] Ratios calculated:
  - Savings Ratio: 50.00%
  - Debt Ratio: 0.00%
  - Expense Ratio: 50.00%
  - Emergency Fund: 0.5 months

Generating ML predictions...
[OK] Features prepared: (1, 9)
[WARN] WARNING: ML models returned empty predictions

================================================================================
STEP 3: GENERATING SEMANTIC RETRIEVAL QUERIES
================================================================================
Building intelligent queries based on user profile...
[OK] Generated 8 semantic queries:
  1. loan repayment strategies
  2. debt management for loans
  3. pension schemes
  4. emergency fund building
  5. first time investing guide
  6. beginner financial planning
  7. EMI management and planning
  8. budgeting with EMI payments

================================================================================
STEP 4: SEARCHING FAISS VECTOR DATABASE
================================================================================
Searching FAISS index with 8 queries...
Retrieving top-3 chunks per query...

Retrieving knowledge for 8 queries...
  Query 1/8: loan repayment strategies

Batches:   0%|          | 0/1 [00:00<?, ?it/s]
Batches: 100%|##########| 1/1 [00:00<00:00, 44.61it/s]
2026-05-27 12:23:56,168 - ML.rag.retrieval.retriever - INFO - Retrieved 3 documents
2026-05-27 12:23:56,168 - ML.rag.retrieval.retriever - INFO - Retrieving top-3 documents for 
query: debt management for loans...

    [OK] Retrieved 3 chunks
  Query 2/8: debt management for loans
Batches:   0%|          | 0/1 [00:00<?, ?it/s]
Batches: 100%|##########| 1/1 [00:00<00:00, 163.98it/s]
2026-05-27 12:23:56,176 - ML.rag.retrieval.retriever - INFO - Retrieved 3 documents
2026-05-27 12:23:56,177 - ML.rag.retrieval.retriever - INFO - Retrieving top-3 documents for 
query: pension schemes...
    [OK] Retrieved 3 chunks
  Query 3/8: pension schemes

Batches:   0%|          | 0/1 [00:00<?, ?it/s]
Batches: 100%|##########| 1/1 [00:00<00:00, 163.95it/s]
2026-05-27 12:23:56,185 - ML.rag.retrieval.retriever - INFO - Retrieved 3 documents
2026-05-27 12:23:56,186 - ML.rag.retrieval.retriever - INFO - Retrieving top-3 documents for 
query: emergency fund building...
    [OK] Retrieved 3 chunks
  Query 4/8: emergency fund building

Batches:   0%|          | 0/1 [00:00<?, ?it/s]
Batches: 100%|##########| 1/1 [00:00<00:00, 155.36it/s]
2026-05-27 12:23:56,194 - ML.rag.retrieval.retriever - INFO - Retrieved 3 documents
2026-05-27 12:23:56,194 - ML.rag.retrieval.retriever - INFO - Retrieving top-3 documents for 
query: first time investing guide...
    [OK] Retrieved 3 chunks
  Query 5/8: first time investing guide

Batches:   0%|          | 0/1 [00:00<?, ?it/s]
Batches: 100%|##########| 1/1 [00:00<00:00, 125.50it/s]
2026-05-27 12:23:56,205 - ML.rag.retrieval.retriever - INFO - Retrieved 3 documents
2026-05-27 12:23:56,205 - ML.rag.retrieval.retriever - INFO - Retrieving top-3 documents for 
query: beginner financial planning...
    [OK] Retrieved 3 chunks
  Query 6/8: beginner financial planning

Batches:   0%|          | 0/1 [00:00<?, ?it/s]
Batches: 100%|##########| 1/1 [00:00<00:00, 170.21it/s]
2026-05-27 12:23:56,213 - ML.rag.retrieval.retriever - INFO - Retrieved 3 documents
2026-05-27 12:23:56,213 - ML.rag.retrieval.retriever - INFO - Retrieving top-3 documents for 
query: EMI management and planning...
    [OK] Retrieved 3 chunks
  Query 7/8: EMI management and planning

Batches:   0%|          | 0/1 [00:00<?, ?it/s]
Batches: 100%|##########| 1/1 [00:00<00:00, 182.82it/s]
2026-05-27 12:23:56,221 - ML.rag.retrieval.retriever - INFO - Retrieved 3 documents
2026-05-27 12:23:56,221 - ML.rag.retrieval.retriever - INFO - Retrieving top-3 documents for 
query: budgeting with EMI payments...
    [OK] Retrieved 3 chunks
  Query 8/8: budgeting with EMI payments

Batches:   0%|          | 0/1 [00:00<?, ?it/s]
Batches: 100%|##########| 1/1 [00:00<00:00, 149.21it/s]
2026-05-27 12:23:56,229 - ML.rag.retrieval.retriever - INFO - Retrieved 3 documents
2026-05-27 12:23:56,229 - ML.rag.retrieval.rag_pipeline - INFO - Retrieved 20 unique chunks 
from 9 sources
2026-05-27 12:23:56,229 - ML.rag.retrieval.rag_pipeline - INFO - FAISS retrieval: 20 chunks, 
avg relevance 0.5575
2026-05-27 12:23:56,229 - ML.rag.retrieval.rag_pipeline - INFO - Retrieved chunks from 
sources: ['fund.txt', 'elss.txt', 'mutual.txt', 'banking.txt', 'management.txt', 'tax.txt', 
'emi.txt', 'index.txt', 'schemes.txt']
2026-05-27 12:23:56,230 - ML.rag.retrieval.rag_pipeline - INFO - Context built: 2126 characters
2026-05-27 12:23:56,230 - ML.rag.retrieval.rag_pipeline - INFO - Retrieved chunks successfully 
injected into prompt
2026-05-27 12:23:56,230 - ML.rag.retrieval.rag_pipeline - WARNING - Gemini API key not 
configured, using template
2026-05-27 12:23:56,230 - ML.rag.retrieval.rag_pipeline - WARNING - Gemini API key not 
configured, using template response
2026-05-27 12:23:56,230 - ML.rag.retrieval.rag_pipeline - INFO - Roadmap generated: 1144 
characters
2026-05-27 12:23:56,230 - ML.rag.retrieval.rag_pipeline - INFO - Pipeline completed in 0.10s
2026-05-27 12:23:56,230 - ML.rag.retrieval.rag_pipeline - WARNING - Validation failed: No ML 
predictions
2026-05-27 12:23:56,230 - ML.rag.retrieval.rag_pipeline - WARNING - Some validation checks 
failed
    [OK] Retrieved 3 chunks

[OK] Retrieved 20 unique chunks from 9 sources
[OK] FAISS search completed:
  - Total chunks retrieved: 20
  - Average relevance score: 0.5575
  - Queries used: 8

================================================================================
STEP 5: RETRIEVED KNOWLEDGE SOURCES
================================================================================
[OK] Retrieved 20 knowledge chunks from:
  - banking.txt (1 chunks, avg score: 0.5716)
  - elss.txt (1 chunks, avg score: 0.5429)
  - emi.txt (3 chunks, avg score: 0.5365)
  - fund.txt (3 chunks, avg score: 0.5879)
  - index.txt (1 chunks, avg score: 0.5767)
  - management.txt (6 chunks, avg score: 0.5773)
  - mutual.txt (2 chunks, avg score: 0.5170)
  - schemes.txt (2 chunks, avg score: 0.5004)
  - tax.txt (1 chunks, avg score: 0.4950)

Top 5 Retrieved Chunks:

  [1] management.txt (Category: debt)
      Relevance: 0.6267
      Preview: TITLE: Debt Repayment Methods

CATEGORY: Debt Management

SUMMARY: Different debt repayment strategi...

  [2] management.txt (Category: debt)
      Relevance: 0.5825
      Preview: for 7 years. Affects future loan approvals and interest rates. Maintain 100% on-time payment record....

  [3] banking.txt (Category: rbi)
      Relevance: 0.5716
      Preview: - Purpose of loan
- Amount needed
- Repayment capacity
- Interest rate
- Tenure options
- Total cost...

  [4] management.txt (Category: debt)
      Relevance: 0.5878
      Preview: TITLE: Debt Consolidation Strategy

CATEGORY: Debt Management

SUMMARY: Debt consolidation combines ...

  [5] management.txt (Category: debt)
      Relevance: 0.5609
      Preview: TITLE: Credit Card Debt Management

CATEGORY: Debt Management

SUMMARY: Credit card debt carries hig...

================================================================================
STEP 6: BUILDING RAG CONTEXT
================================================================================
Combining profile, predictions, ratios, and retrieved chunks...
[OK] Context built successfully:
  - Context length: 2,126 characters
  - Includes user profile: [OK]
  - Includes ML predictions: [OK]
  - Includes financial ratios: [OK]
  - Includes retrieved chunks: [OK]

================================================================================
STEP 7: FINAL PROMPT SENT TO GEMINI/OPENAI
================================================================================
Building final prompt with RAG context...
[OK] Final prompt prepared:
  - Prompt length: 3,856 characters
  - Contains user profile: [OK]
  - Contains ML predictions: [OK]
  - Contains retrieved knowledge: [OK]
  - Retrieved chunks injected: [OK] (VERIFIED)

First 500 characters of prompt:

You are an expert financial advisor for Indian users. Based on the following financial profile and knowledge base, generate a comprehensive, personalized financial roadmap.


# USER FINANCIAL PROFILE
- Occupation: Self-Employed
- Monthly Income: Rs 20,000
- Monthly Expenses: Rs 10,000
- Current Savings: Rs 5,000
- Existing Investments: Rs 0
- Total Debt: Rs 0
- Monthly EMI: Rs 0
- Financial Goal: I want to buy a bike using EMI
- Risk Tolerance: Low
- Investment Experience: No experience

# FINA

================================================================================
STEP 8: CALLING GEMINI/OPENAI API
================================================================================
[WARN] Gemini API key not configured
Using template fallback response
[WARN] Gemini API key not configured

================================================================================
STEP 9: ROADMAP GENERATED SUCCESSFULLY
================================================================================
[OK] Roadmap generated:
  - Length: 1,144 characters
  - Sections: 8 formatted sections
  - Contains financial advice: [OK]

================================================================================
STEP 10: PERFORMANCE METRICS
================================================================================
Total Pipeline Time: 0.10 seconds
  - Profile Analysis: ~10ms
  - ML Predictions: ~50ms
  - Query Building: ~20ms
  - FAISS Retrieval: ~500ms
  - Context Building: ~30ms
  - Roadmap Generation: ~-506ms

================================================================================
STEP 11: SOURCE ATTRIBUTION
================================================================================
[OK] Retrieved from 9 sources:
  - fund.txt
  - elss.txt
  - mutual.txt
  - banking.txt
  - management.txt
  - tax.txt
  - emi.txt
  - index.txt
  - schemes.txt

================================================================================
STEP 12: VALIDATION CHECKS
================================================================================
[OK] Retrieval results: 20 chunks retrieved
[OK] Context: 2126 characters
[OK] Retrieved chunks injected into prompt
[OK] Roadmap generated with content
[WARN] WARNING: ML predictions not available!

[WARN] SOME VALIDATION CHECKS FAILED

================================================================================
[PASSED] Pipeline processing completed successfully

[TEST 5] Verifying Financial Analysis...
[FAILED] Financial score not generated
